(program
  (let
    (nonrec)
    (datatypebind (datatype (tyvardecl MyMonoData (type))  MyMonoData_match ))
    (lam ds MyMonoData ds)
  )
)