(program
  (let
    (nonrec)
    (datatypebind
      (datatype (tyvardecl MyMonoRecord (type))  MyMonoRecord_match )
    )
    (lam ds MyMonoRecord ds)
  )
)