(program
  (let
    (nonrec)
    (datatypebind
      (datatype
        (tyvardecl MyMonoData (type))

        MyMonoData_match
        (vardecl Mono (fun (con integer) MyMonoData))
      )
    )
    [ Mono (con integer 1) ]
  )
)