(program
  (let
    (nonrec)
    (datatypebind
      (datatype (tyvardecl RecordNewtype (type))  RecordNewtype_match )
    )
    (lam ds RecordNewtype ds)
  )
)