(program
  1.0.0
  [
    [
      {
        (abs
          Forest_i0
          (fun (type) (type))
          (lam
            Nil_i0
            (all a_i0 (type) [ Forest_i3 a_i1 ])
            (lam
              match_Forest_i0
              (all
                a_i0
                (type)
                (fun
                  [ Forest_i4 a_i1 ]
                  (all out_Forest_i0 (type) (fun out_Forest_i1 out_Forest_i1))
                )
              )
              { Nil_i2 (all a_i0 (type) (fun a_i1 a_i1)) }
            )
          )
        )
        (lam
          a_i0
          (type)
          (all out_Forest_i0 (type) (fun out_Forest_i1 out_Forest_i1))
        )
      }
      (abs
        a_i0
        (type)
        (abs out_Forest_i0 (type) (lam case_Nil_i0 out_Forest_i2 case_Nil_i1))
      )
    ]
    (abs
      a_i0
      (type)
      (lam
        x_i0
        [
          (lam
            a_i0
            (type)
            (all out_Forest_i0 (type) (fun out_Forest_i1 out_Forest_i1))
          )
          a_i2
        ]
        x_i1
      )
    )
  ]
)