(let
  (nonrec)
  (datatypebind
    (datatype
      (tyvardecl Maybe (fun (type) (type))) (tyvardecl a (type)) match_Maybe 
    )
  )
  (error Maybe)
)