(let
  (nonrec)
  (datatypebind (datatype (tyvardecl SomeType (type))  match_SomeType ))
  (lam arg SomeType arg)
)