(delay (lam case_True_55 (lam case_False_56 case_True_55)))