(program
  1.0.0
  [
    [
      {
        (abs
          Maybe_i0
          (fun (type) (type))
          (lam
            Just_i0
            (all a_i0 (type) (fun a_i1 [ Maybe_i3 a_i1 ]))
            (lam
              match_Maybe_i0
              (all
                a_i0
                (type)
                (fun
                  [ Maybe_i4 a_i1 ]
                  (all
                    out_Maybe_i0
                    (type)
                    (fun (fun a_i2 out_Maybe_i1) out_Maybe_i1)
                  )
                )
              )
              [
                { Just_i2 (all a_i0 (type) (fun a_i1 a_i1)) }
                (abs a_i0 (type) (lam x_i0 a_i2 x_i1))
              ]
            )
          )
        )
        (lam
          a_i0
          (type)
          (all out_Maybe_i0 (type) (fun (fun a_i2 out_Maybe_i1) out_Maybe_i1))
        )
      }
      (abs
        a_i0
        (type)
        (lam
          arg_0_i0
          a_i2
          (abs
            out_Maybe_i0
            (type)
            (lam case_Just_i0 (fun a_i4 out_Maybe_i2) [ case_Just_i1 arg_0_i3 ])
          )
        )
      )
    ]
    (abs
      a_i0
      (type)
      (lam
        x_i0
        [
          (lam
            a_i0
            (type)
            (all out_Maybe_i0 (type) (fun (fun a_i2 out_Maybe_i1) out_Maybe_i1))
          )
          a_i2
        ]
        x_i1
      )
    )
  ]
)