(program
  (let
    (nonrec)
    (datatypebind
      (datatype
        (tyvardecl List (fun (type) (type)))
        (tyvardecl a (type))
        Nil_match
        (vardecl Nil [ List a ])
      )
    )
    { Nil (con integer) }
  )
)