(program
  (let
    (nonrec)
    (datatypebind
      (datatype (tyvardecl Bool (type))  Bool_match (vardecl False Bool))
    )
    False
  )
)