(let
  (nonrec)
  (datatypebind
    (datatype
      $0$
      (tyvardecl $6$ Maybe (fun (type) (type)))
      (tyvardecl $2$ a (type))
      match_Maybe
      (vardecl $0$ Nothing [ Maybe a ]) (vardecl $0$ Just (fun a [ Maybe a ]))
    )
  )
  (error Maybe)
)