(program
  (let
    (nonrec)
    (datatypebind
      (datatype
        (tyvardecl MyPolyData (fun (type) (fun (type) (type))))
        (tyvardecl a (type)) (tyvardecl b (type))
        MyPolyData_match

      )
    )
    (lam ds [ [ MyPolyData (con integer) ] (con integer) ] ds)
  )
)